// Jest Snapshot v1, https://goo.gl/fbAQLP

exports[`Products render snapshot 1`] = `
<Box
  className="h-[100vh] flex justify-center items-center gap-x-5"
>
  <Button
    onClick={[MockFunction]}
  >
    light
     mode
  </Button>
  <IconButton
    icon={<SunIcon />}
    onClick={[MockFunction]}
    role="iconButton"
  />
  <div
    id="element"
  >
    <div
      key="0"
    >
      <Lists
        item={
          Object {
            "attributes": Object {
              "createdAt": "2022-06-29T06:38:10.456Z",
              "product": "from enzyme",
              "publishedAt": "2022-06-29T06:42:50.761Z",
              "updatedAt": "2022-06-29T06:42:50.763Z",
            },
            "id": 1,
          }
        }
        role="lists"
        roleId="list-0"
      />
    </div>
  </div>
</Box>
`;

exports[`Products when data render 1`] = `
<Box
  className="h-[100vh] flex justify-center items-center gap-x-5"
>
  <Button
    onClick={[MockFunction]}
  >
    light
     mode
  </Button>
  <IconButton
    icon={<SunIcon />}
    onClick={[MockFunction]}
    role="iconButton"
  />
  <div
    id="element"
  >
    <div
      key="0"
    >
      <Lists
        item={
          Object {
            "attributes": Object {
              "createdAt": "2022-06-29T06:38:10.456Z",
              "product": "from enzyme",
              "publishedAt": "2022-06-29T06:42:50.761Z",
              "updatedAt": "2022-06-29T06:42:50.763Z",
            },
            "id": 1,
          }
        }
        role="lists"
        roleId="list-0"
      />
    </div>
  </div>
</Box>
`;
